QA output created by 002
# file: TEST_DIR/002
ceph.quota.max_bytes="1000000"

# file: TEST_DIR/002
ceph.quota.max_bytes="9223372036854775807"

wrote 1048576/1048576 bytes at offset 1048576
XXX Bytes, X ops; XX:XX:XX.X (XXX YYY/sec and XXX ops/sec)
wrote 1048576/1048576 bytes at offset 2097152
XXX Bytes, X ops; XX:XX:XX.X (XXX YYY/sec and XXX ops/sec)
wrote 1048576/1048576 bytes at offset 3145728
XXX Bytes, X ops; XX:XX:XX.X (XXX YYY/sec and XXX ops/sec)
wrote 1048576/1048576 bytes at offset 4194304
XXX Bytes, X ops; XX:XX:XX.X (XXX YYY/sec and XXX ops/sec)
wrote 1048576/1048576 bytes at offset 5242880
XXX Bytes, X ops; XX:XX:XX.X (XXX YYY/sec and XXX ops/sec)
wrote 1048576/1048576 bytes at offset 6291456
XXX Bytes, X ops; XX:XX:XX.X (XXX YYY/sec and XXX ops/sec)
wrote 1048576/1048576 bytes at offset 7340032
XXX Bytes, X ops; XX:XX:XX.X (XXX YYY/sec and XXX ops/sec)
wrote 1048576/1048576 bytes at offset 8388608
XXX Bytes, X ops; XX:XX:XX.X (XXX YYY/sec and XXX ops/sec)
9437184
wrote 1048576/1048576 bytes at offset 1048576
XXX Bytes, X ops; XX:XX:XX.X (XXX YYY/sec and XXX ops/sec)
wrote 1048576/1048576 bytes at offset 2097152
XXX Bytes, X ops; XX:XX:XX.X (XXX YYY/sec and XXX ops/sec)
wrote 1048576/1048576 bytes at offset 3145728
XXX Bytes, X ops; XX:XX:XX.X (XXX YYY/sec and XXX ops/sec)
wrote 1048576/1048576 bytes at offset 4194304
XXX Bytes, X ops; XX:XX:XX.X (XXX YYY/sec and XXX ops/sec)
wrote 1048576/1048576 bytes at offset 5242880
XXX Bytes, X ops; XX:XX:XX.X (XXX YYY/sec and XXX ops/sec)
wrote 1048576/1048576 bytes at offset 6291456
XXX Bytes, X ops; XX:XX:XX.X (XXX YYY/sec and XXX ops/sec)
wrote 1048576/1048576 bytes at offset 7340032
XXX Bytes, X ops; XX:XX:XX.X (XXX YYY/sec and XXX ops/sec)
wrote 1048576/1048576 bytes at offset 8388608
XXX Bytes, X ops; XX:XX:XX.X (XXX YYY/sec and XXX ops/sec)
wrote 1048576/1048576 bytes at offset 9437184
XXX Bytes, X ops; XX:XX:XX.X (XXX YYY/sec and XXX ops/sec)
pwrite: Disk quota exceeded
10485760
wrote 1048576/1048576 bytes at offset 1048576
XXX Bytes, X ops; XX:XX:XX.X (XXX YYY/sec and XXX ops/sec)
2097152
wrote 1048576/1048576 bytes at offset 1048576
XXX Bytes, X ops; XX:XX:XX.X (XXX YYY/sec and XXX ops/sec)
2097152
wrote 1048576/1048576 bytes at offset 1048576
XXX Bytes, X ops; XX:XX:XX.X (XXX YYY/sec and XXX ops/sec)
2097152
wrote 1048576/1048576 bytes at offset 1048576
XXX Bytes, X ops; XX:XX:XX.X (XXX YYY/sec and XXX ops/sec)
2097152
wrote 1048576/1048576 bytes at offset 1048576
XXX Bytes, X ops; XX:XX:XX.X (XXX YYY/sec and XXX ops/sec)
2097152
pwrite: Disk quota exceeded
0
wrote 1048576/1048576 bytes at offset 1048576
XXX Bytes, X ops; XX:XX:XX.X (XXX YYY/sec and XXX ops/sec)
2097152
