QA output created by 004
0000000 6161 6161 6161 6161 6161 6161 6161 6161
*
0400000 6262 6262 6262 6262 6262 6262 6262 6262
*
0800000 6363 6363 6363 6363 6363 6363 6363 6363
*
0c00000
